GAMS 53.5.1  f2e5fac3 May 20, 2026          LEX-LEG x86 64bit/Linux - 07/08/26 20:54:34 Page 3
G e n e r a l   A l g e b r a i c   M o d e l i n g   S y s t e m
C o m p i l a t i o n




COMPILATION TIME     =        0.001 SECONDS      3 MB  53.5.1 f2e5fac3 LEX-LEG
GAMS 53.5.1  f2e5fac3 May 20, 2026          LEX-LEG x86 64bit/Linux - 07/08/26 20:54:34 Page 4
G e n e r a l   A l g e b r a i c   M o d e l i n g   S y s t e m
Range Statistics    SOLVE interdict Using MCP From line 402


RANGE STATISTICS (ABSOLUTE NON-ZERO FINITE VALUES)

RHS       [min, max] : [ 6.000E-01, 4.210E+02] - Zero values observed as well
Bound     [min, max] : [ 1.000E+01, 3.700E+01] - Zero values observed as well
Matrix    [min, max] : [ 5.022E-07, 4.948E+01]

GAMS 53.5.1  f2e5fac3 May 20, 2026          LEX-LEG x86 64bit/Linux - 07/08/26 20:54:34 Page 5
G e n e r a l   A l g e b r a i c   M o d e l i n g   S y s t e m
Model Statistics    SOLVE interdict Using MCP From line 402


MODEL STATISTICS

BLOCKS OF EQUATIONS          24     SINGLE EQUATIONS          450
BLOCKS OF VARIABLES          24     SINGLE VARIABLES          450
NON ZERO ELEMENTS        24,882     NON LINEAR N-Z         23,810
CODE LENGTH             525,100     CONSTANT POOL              54


GENERATION TIME      =        0.126 SECONDS      5 MB  53.5.1 f2e5fac3 LEX-LEG
GAMS 53.5.1  f2e5fac3 May 20, 2026          LEX-LEG x86 64bit/Linux - 07/08/26 20:54:34 Page 6
G e n e r a l   A l g e b r a i c   M o d e l i n g   S y s t e m
Solution Report     SOLVE interdict Using MCP From line 402


               S O L V E      S U M M A R Y

     MODEL   interdict           
     TYPE    MCP                 
     SOLVER  PATH                FROM LINE  402

**** SOLVER STATUS     1 Normal Completion
**** MODEL STATUS      1 Optimal

 RESOURCE USAGE, LIMIT          8.624 10000000000.000
 ITERATION COUNT, LIMIT     40074    2147483647
 EVALUATION ERRORS              0             0
450 row/cols, 24882 non-zeros, 12.29% dense.

Path 5.2.01 (Wed May 20 07:48:22 2026)
Written by Todd Munson, Steven Dirkse, Youngdae Kim, and Michael Ferris

INITIAL POINT STATISTICS
Maximum of X. . . . . . . . . .  9.2500e+00 var: (BD(BL1))
Maximum of F. . . . . . . . . .  1.2342e+02 eqn: (L_M_Blue_Log(BS1))
Maximum of Grad F . . . . . . .  4.9482e+01 eqn: (C_B_Blue_Prob(BS1))
                                            var: (pr(RS1))

INITIAL JACOBIAN NORM STATISTICS
Maximum Row Norm. . . . . . . .  2.6288e+02 eqn: (C_B_Blue_Prob(BS5))
Minimum Row Norm. . . . . . . .  1.1005e+00 eqn: (C_B_Red_Att(RS5,BL1,CL4))
Maximum Column Norm . . . . . .  2.6308e+02 var: (pr(RS5))
Minimum Column Norm . . . . . .  1.1993e+00 var: (BEs(BS2,BL1,CL3))

FINAL STATISTICS
Inf-Norm of Complementarity . .  2.0050e-11 eqn: (C_B_Red_flow(RS3,RL3,CL4))
Inf-Norm of Normal Map. . . . .  4.7385e-12 eqn: (C_B_Blue_Esc(BS5,BL3,CL4))
Inf-Norm of Minimum Map . . . .  4.7387e-12 eqn: (C_B_Blue_Esc(BS5,BL3,CL4))
Inf-Norm of Fischer Function. .  4.7385e-12 eqn: (C_B_Blue_Esc(BS5,BL3,CL4))
Inf-Norm of Grad Fischer Fcn. .  1.8362e-10 eqn: (C_B_Blue_Prob(BS2))
Two-Norm of Grad Fischer Fcn. .  4.9547e-10

FINAL POINT STATISTICS
Maximum of X. . . . . . . . . .  5.4118e+01 var: (alphaR)
Maximum of F. . . . . . . . . .  4.2100e+02 eqn: (L_M_Red_Log(RS5))
Maximum of Grad F . . . . . . .  7.1847e+01 eqn: (C_B_Blue_Prob(BS5))
                                            var: (pr(RS5))


---- EQU C_B_Red_Prob  

       LOWER     LEVEL     UPPER    MARGINAL

RS1      .        7.106     +INF       .         
RS2      .    2.913E-12     +INF      0.400      
RS3      .         .        +INF      0.600      
RS4      .       18.648     +INF       .         
RS5      .       23.319     +INF       .         

---- EQU C_B_Blue_Prob  

       LOWER     LEVEL     UPPER    MARGINAL

BS1      .       10.215     +INF       .         
BS2      .        5.564     +INF       .         
BS3      .       12.520     +INF       .         
BS4      .    -2.36E-12     +INF      0.400      
BS5      .         .        +INF      0.600      

---- EQU C_B_Red_flow  

               LOWER     LEVEL     UPPER    MARGINAL

RS1.RL1.CL1      .         .        +INF       .         
RS1.RL1.CL2      .         .        +INF       .         
RS1.RL1.CL3      .         .        +INF       .         
RS1.RL1.CL4      .         .        +INF       .         
RS1.RL2.CL1      .         .        +INF       .         
RS1.RL2.CL2      .         .        +INF       .         
RS1.RL2.CL3      .         .        +INF       .         
RS1.RL2.CL4      .         .        +INF       .         
RS1.RL3.CL1      .         .        +INF      8.925      
RS1.RL3.CL2      .         .        +INF       .         
RS1.RL3.CL3      .         .        +INF       .         
RS1.RL3.CL4      .         .        +INF     17.551      
RS2.RL1.CL1      .    -1.90E-15     +INF       .         
RS2.RL1.CL2      .        0.021     +INF       .         
RS2.RL1.CL3      .        0.070     +INF       .         
RS2.RL1.CL4      .        0.070     +INF       .         
RS2.RL2.CL1      .    -9.44E-16     +INF       .         
RS2.RL2.CL2      .        0.021     +INF       .         
RS2.RL2.CL3      .        0.070     +INF       .         
RS2.RL2.CL4      .        0.070     +INF       .         
RS2.RL3.CL1      .        0.014     +INF       .         
RS2.RL3.CL2      .        0.060     +INF       .         
RS2.RL3.CL3      .    -2.91E-13     +INF     16.727      
RS2.RL3.CL4      .    2.731E-13     +INF     18.273      
RS3.RL1.CL1      .        0.102     +INF       .         
RS3.RL1.CL2      .        0.117     +INF       .         
RS3.RL1.CL3      .        0.094     +INF       .         
RS3.RL1.CL4      .        0.270     +INF       .         
RS3.RL2.CL1      .        0.214     +INF       .         
RS3.RL2.CL2      .        0.131     +INF       .         
RS3.RL2.CL3      .        0.060     +INF       .         
RS3.RL2.CL4      .        0.219     +INF       .         
RS3.RL3.CL1      .        0.216     +INF       .         
RS3.RL3.CL2      .    -4.64E-13     +INF     12.253      
RS3.RL3.CL3      .        0.030     +INF       .         
RS3.RL3.CL4      .    8.913E-13     +INF     22.496      
RS4.RL1.CL1      .         .        +INF       .         
RS4.RL1.CL2      .         .        +INF       .         
RS4.RL1.CL3      .         .        +INF       .         
RS4.RL1.CL4      .         .        +INF       .         
RS4.RL2.CL1      .         .        +INF       .         
RS4.RL2.CL2      .         .        +INF       .         
RS4.RL2.CL3      .         .        +INF       .         
RS4.RL2.CL4      .         .        +INF       .         
RS4.RL3.CL1      .         .        +INF       .         
RS4.RL3.CL2      .         .        +INF       .         
RS4.RL3.CL3      .         .        +INF       .         
RS4.RL3.CL4      .         .        +INF      3.300      
RS5.RL1.CL1      .         .        +INF       .         
RS5.RL1.CL2      .         .        +INF       .         
RS5.RL1.CL3      .         .        +INF       .         
RS5.RL1.CL4      .         .        +INF       .         
RS5.RL2.CL1      .         .        +INF       .         
RS5.RL2.CL2      .         .        +INF       .         
RS5.RL2.CL3      .         .        +INF       .         
RS5.RL2.CL4      .         .        +INF       .         
RS5.RL3.CL1      .         .        +INF       .         
RS5.RL3.CL2      .         .        +INF       .         
RS5.RL3.CL3      .         .        +INF       .         
RS5.RL3.CL4      .         .        +INF       .         

---- EQU C_B_Blue_Flow  

               LOWER     LEVEL     UPPER    MARGINAL

BS1.BL1.CL1      .         .        +INF      0.428      
BS1.BL1.CL2      .         .        +INF      0.400      
BS1.BL1.CL3      .         .        +INF      0.113      
BS1.BL1.CL4      .         .        +INF     13.645      
BS1.BL2.CL1      .         .        +INF      0.674      
BS1.BL2.CL2      .         .        +INF      0.385      
BS1.BL2.CL3      .         .        +INF      0.173      
BS1.BL2.CL4      .         .        +INF      0.234      
BS1.BL3.CL1      .        0.008     +INF       .         
BS1.BL3.CL2      .        0.008     +INF       .         
BS1.BL3.CL3      .        0.008     +INF       .         
BS1.BL3.CL4      .        0.008     +INF       .         
BS2.BL1.CL1      .    2.317E-14     +INF      2.650      
BS2.BL1.CL2      .    2.317E-14     +INF     15.987      
BS2.BL1.CL3      .    2.317E-14     +INF       .         
BS2.BL1.CL4      .    2.317E-14     +INF       .         
BS2.BL2.CL1      .         .        +INF       .         
BS2.BL2.CL2      .         .        +INF      2.985      
BS2.BL2.CL3      .         .        +INF       .         
BS2.BL2.CL4      .         .        +INF       .         
BS2.BL3.CL1      .         .        +INF       .         
BS2.BL3.CL2      .         .        +INF       .         
BS2.BL3.CL3      .         .        +INF       .         
BS2.BL3.CL4      .         .        +INF       .         
BS3.BL1.CL1      .         .        +INF      0.021      
BS3.BL1.CL2      .         .        +INF      0.029      
BS3.BL1.CL3      .         .        +INF      0.032      
BS3.BL1.CL4      .         .        +INF     12.385      
BS3.BL2.CL1      .         .        +INF      0.030      
BS3.BL2.CL2      .         .        +INF      0.026      
BS3.BL2.CL3      .         .        +INF      0.028      
BS3.BL2.CL4      .         .        +INF      0.033      
BS3.BL3.CL1      .    3.2622E-6     +INF       .         
BS3.BL3.CL2      .    3.2622E-6     +INF       .         
BS3.BL3.CL3      .    3.2622E-6     +INF       .         
BS3.BL3.CL4      .    3.2622E-6     +INF       .         
BS4.BL1.CL1      .        0.060     +INF       .         
BS4.BL1.CL2      .        0.107     +INF       .         
BS4.BL1.CL3      .        0.107     +INF       .         
BS4.BL1.CL4      .    9.157E-14     +INF     11.156      
BS4.BL2.CL1      .        0.134     +INF       .         
BS4.BL2.CL2      .    -4.41E-14     +INF     18.363      
BS4.BL2.CL3      .        0.104     +INF       .         
BS4.BL2.CL4      .        0.152     +INF       .         
BS4.BL3.CL1      .        0.188     +INF       .         
BS4.BL3.CL2      .        0.171     +INF       .         
BS4.BL3.CL3      .        0.107     +INF       .         
BS4.BL3.CL4      .        0.078     +INF       .         
BS5.BL1.CL1      .    1.290E-14     +INF     18.637      
BS5.BL1.CL2      .        0.075     +INF       .         
BS5.BL1.CL3      .        0.167     +INF       .         
BS5.BL1.CL4      .        0.192     +INF       .         
BS5.BL2.CL1      .        0.136     +INF       .         
BS5.BL2.CL2      .        0.039     +INF       .         
BS5.BL2.CL3      .    -4.42E-14     +INF     17.202      
BS5.BL2.CL4      .        0.099     +INF       .         
BS5.BL3.CL1      .        0.218     +INF       .         
BS5.BL3.CL2      .        0.120     +INF       .         
BS5.BL3.CL3      .        0.144     +INF       .         
BS5.BL3.CL4      .        0.044     +INF       .         

---- EQU C_B_Red_Esc  

               LOWER     LEVEL     UPPER    MARGINAL

RS1.RL1.CL1      .         .        +INF      0.104      
RS1.RL1.CL2      .         .        +INF       .         
RS1.RL1.CL3      .         .        +INF      0.100      
RS1.RL1.CL4      .         .        +INF      0.174      
RS1.RL2.CL1      .         .        +INF      0.085      
RS1.RL2.CL2      .         .        +INF       .         
RS1.RL2.CL3      .         .        +INF      0.100      
RS1.RL2.CL4      .         .        +INF      0.175      
RS1.RL3.CL1      .         .        +INF       .         
RS1.RL3.CL2      .         .        +INF      0.038      
RS1.RL3.CL3      .         .        +INF      0.100      
RS1.RL3.CL4      .         .        +INF      5.207      
RS2.RL1.CL1      .    1.560E-13     +INF      2.368      
RS2.RL1.CL2      .        0.006     +INF       .         
RS2.RL1.CL3      .        0.031     +INF       .         
RS2.RL1.CL4      .        0.031     +INF       .         
RS2.RL2.CL1      .    -1.92E-13     +INF      2.368      
RS2.RL2.CL2      .        0.006     +INF       .         
RS2.RL2.CL3      .        0.031     +INF       .         
RS2.RL2.CL4      .        0.031     +INF       .         
RS2.RL3.CL1      .    -3.69E-14     +INF      2.368      
RS2.RL3.CL2      .        0.016     +INF       .         
RS2.RL3.CL3      .    5.601E-14     +INF      1.448      
RS2.RL3.CL4      .    8.007E-15     +INF      1.448      
RS3.RL1.CL1      .        0.043     +INF       .         
RS3.RL1.CL2      .        0.041     +INF       .         
RS3.RL1.CL3      .    1.438E-13     +INF      0.248      
RS3.RL1.CL4      .        0.061     +INF       .         
RS3.RL2.CL1      .        0.043     +INF       .         
RS3.RL2.CL2      .        0.041     +INF       .         
RS3.RL2.CL3      .    -1.04E-13     +INF      0.248      
RS3.RL2.CL4      .        0.061     +INF       .         
RS3.RL3.CL1      .        0.043     +INF       .         
RS3.RL3.CL2      .    7.030E-14     +INF      9.255      
RS3.RL3.CL3      .    -1.04E-13     +INF      0.248      
RS3.RL3.CL4      .        0.007     +INF       .         
RS4.RL1.CL1      .         .        +INF       .         
RS4.RL1.CL2      .         .        +INF       .         
RS4.RL1.CL3      .         .        +INF       .         
RS4.RL1.CL4      .         .        +INF       .         
RS4.RL2.CL1      .         .        +INF       .         
RS4.RL2.CL2      .         .        +INF       .         
RS4.RL2.CL3      .         .        +INF       .         
RS4.RL2.CL4      .         .        +INF       .         
RS4.RL3.CL1      .         .        +INF       .         
RS4.RL3.CL2      .         .        +INF       .         
RS4.RL3.CL3      .         .        +INF       .         
RS4.RL3.CL4      .         .        +INF       .         
RS5.RL1.CL1      .         .        +INF       .         
RS5.RL1.CL2      .         .        +INF       .         
RS5.RL1.CL3      .         .        +INF       .         
RS5.RL1.CL4      .         .        +INF       .         
RS5.RL2.CL1      .         .        +INF       .         
RS5.RL2.CL2      .         .        +INF       .         
RS5.RL2.CL3      .         .        +INF       .         
RS5.RL2.CL4      .         .        +INF       .         
RS5.RL3.CL1      .         .        +INF       .         
RS5.RL3.CL2      .         .        +INF       .         
RS5.RL3.CL3      .         .        +INF       .         
RS5.RL3.CL4      .         .        +INF       .         

---- EQU C_B_Blue_Esc  

               LOWER     LEVEL     UPPER    MARGINAL

BS1.BL1.CL1      .         .        +INF      0.159      
BS1.BL1.CL2      .         .        +INF      0.122      
BS1.BL1.CL3      .         .        +INF      0.058      
BS1.BL1.CL4      .         .        +INF      6.779      
BS1.BL2.CL1      .         .        +INF      0.265      
BS1.BL2.CL2      .         .        +INF      0.126      
BS1.BL2.CL3      .         .        +INF      0.059      
BS1.BL2.CL4      .         .        +INF      0.079      
BS1.BL3.CL1      .         .        +INF      0.232      
BS1.BL3.CL2      .         .        +INF      0.100      
BS1.BL3.CL3      .         .        +INF      0.048      
BS1.BL3.CL4      .         .        +INF      0.060      
BS2.BL1.CL1      .         .        +INF       .         
BS2.BL1.CL2      .         .        +INF      6.145      
BS2.BL1.CL3      .         .        +INF  3.8088E-4      
BS2.BL1.CL4      .         .        +INF  3.6644E-4      
BS2.BL2.CL1      .         .        +INF       .         
BS2.BL2.CL2      .         .        +INF  3.3856E-4      
BS2.BL2.CL3      .         .        +INF  3.8089E-4      
BS2.BL2.CL4      .         .        +INF  1.9775E-4      
BS2.BL3.CL1      .         .        +INF       .         
BS2.BL3.CL2      .         .        +INF  4.1261E-4      
BS2.BL3.CL3      .         .        +INF  3.8088E-4      
BS2.BL3.CL4      .         .        +INF  2.0136E-4      
BS3.BL1.CL1      .         .        +INF       .         
BS3.BL1.CL2      .         .        +INF       .         
BS3.BL1.CL3      .         .        +INF       .         
BS3.BL1.CL4      .         .        +INF      6.143      
BS3.BL2.CL1      .         .        +INF       .         
BS3.BL2.CL2      .         .        +INF       .         
BS3.BL2.CL3      .         .        +INF       .         
BS3.BL2.CL4      .         .        +INF       .         
BS3.BL3.CL1      .         .        +INF       .         
BS3.BL3.CL2      .         .        +INF       .         
BS3.BL3.CL3      .         .        +INF       .         
BS3.BL3.CL4      .         .        +INF       .         
BS4.BL1.CL1      .        0.043     +INF       .         
BS4.BL1.CL2      .        0.047     +INF       .         
BS4.BL1.CL3      .        0.034     +INF       .         
BS4.BL1.CL4      .    -1.68E-13     +INF     10.986      
BS4.BL2.CL1      .        0.043     +INF       .         
BS4.BL2.CL2      .    3.704E-14     +INF      1.014      
BS4.BL2.CL3      .        0.034     +INF       .         
BS4.BL2.CL4      .        0.041     +INF       .         
BS4.BL3.CL1      .        0.043     +INF       .         
BS4.BL3.CL2      .        0.047     +INF       .         
BS4.BL3.CL3      .        0.034     +INF       .         
BS4.BL3.CL4      .        0.041     +INF       .         
BS5.BL1.CL1      .    -7.37E-13     +INF      2.671      
BS5.BL1.CL2      .    -7.62E-13     +INF      1.064      
BS5.BL1.CL3      .        0.024     +INF       .         
BS5.BL1.CL4      .        0.019     +INF       .         
BS5.BL2.CL1      .        0.027     +INF       .         
BS5.BL2.CL2      .    -7.62E-13     +INF      1.064      
BS5.BL2.CL3      .    -6.50E-13     +INF      3.296      
BS5.BL2.CL4      .    -6.17E-13     +INF      1.420      
BS5.BL3.CL1      .        0.027     +INF       .         
BS5.BL3.CL2      .    -7.66E-13     +INF      1.064      
BS5.BL3.CL3      .        0.024     +INF       .         
BS5.BL3.CL4      .    4.739E-12     +INF      1.420      

---- EQU C_B_Red_Att  

               LOWER     LEVEL     UPPER    MARGINAL

RS1.BL1.CL1      .         .        +INF      6.118      
RS1.BL1.CL2      .         .        +INF      0.091      
RS1.BL1.CL3      .         .        +INF      0.106      
RS1.BL1.CL4      .         .        +INF      0.094      
RS1.BL2.CL1      .         .        +INF      0.014      
RS1.BL2.CL2      .         .        +INF       .         
RS1.BL2.CL3      .         .        +INF      0.105      
RS1.BL2.CL4      .         .        +INF      0.050      
RS1.BL3.CL1      .         .        +INF      0.014      
RS1.BL3.CL2      .         .        +INF      0.092      
RS1.BL3.CL3      .         .        +INF      0.106      
RS1.BL3.CL4      .         .        +INF      0.063      
RS2.BL1.CL1      .        0.018     +INF       .         
RS2.BL1.CL2      .        0.031     +INF       .         
RS2.BL1.CL3      .        0.021     +INF       .         
RS2.BL1.CL4      .        0.001     +INF       .         
RS2.BL2.CL1      .        0.024     +INF       .         
RS2.BL2.CL2      .        0.027     +INF       .         
RS2.BL2.CL3      .        0.010     +INF       .         
RS2.BL2.CL4      .    -2.70E-12     +INF      6.000      
RS2.BL3.CL1      .        0.024     +INF       .         
RS2.BL3.CL2      .        0.031     +INF       .         
RS2.BL3.CL3      .        0.021     +INF       .         
RS2.BL3.CL4      .    2.987E-12     +INF      6.000      
RS3.BL1.CL1      .        0.071     +INF       .         
RS3.BL1.CL2      .        0.026     +INF       .         
RS3.BL1.CL3      .        0.045     +INF       .         
RS3.BL1.CL4      .    -1.37E-14     +INF     12.000      
RS3.BL2.CL1      .        0.075     +INF       .         
RS3.BL2.CL2      .        0.004     +INF       .         
RS3.BL2.CL3      .        0.036     +INF       .         
RS3.BL2.CL4      .        0.009     +INF       .         
RS3.BL3.CL1      .        0.075     +INF       .         
RS3.BL3.CL2      .        0.026     +INF       .         
RS3.BL3.CL3      .        0.045     +INF       .         
RS3.BL3.CL4      .        0.009     +INF       .         
RS4.BL1.CL1      .         .        +INF       .         
RS4.BL1.CL2      .         .        +INF       .         
RS4.BL1.CL3      .         .        +INF       .         
RS4.BL1.CL4      .         .        +INF       .         
RS4.BL2.CL1      .         .        +INF       .         
RS4.BL2.CL2      .         .        +INF       .         
RS4.BL2.CL3      .         .        +INF      1.441      
RS4.BL2.CL4      .         .        +INF       .         
RS4.BL3.CL1      .         .        +INF       .         
RS4.BL3.CL2      .         .        +INF       .         
RS4.BL3.CL3      .         .        +INF       .         
RS4.BL3.CL4      .         .        +INF       .         
RS5.BL1.CL1      .         .        +INF       .         
RS5.BL1.CL2      .         .        +INF       .         
RS5.BL1.CL3      .         .        +INF       .         
RS5.BL1.CL4      .         .        +INF       .         
RS5.BL2.CL1      .         .        +INF       .         
RS5.BL2.CL2      .         .        +INF       .         
RS5.BL2.CL3      .         .        +INF       .         
RS5.BL2.CL4      .         .        +INF       .         
RS5.BL3.CL1      .         .        +INF       .         
RS5.BL3.CL2      .         .        +INF       .         
RS5.BL3.CL3      .         .        +INF       .         
RS5.BL3.CL4      .         .        +INF       .         

---- EQU C_B_Blue_Att  

               LOWER     LEVEL     UPPER    MARGINAL

BS1.RL1.CL1      .         .        +INF      0.150      
BS1.RL1.CL2      .         .        +INF      0.083      
BS1.RL1.CL3      .         .        +INF      0.093      
BS1.RL1.CL4      .         .        +INF      0.038      
BS1.RL2.CL1      .         .        +INF      0.151      
BS1.RL2.CL2      .         .        +INF      0.083      
BS1.RL2.CL3      .         .        +INF      0.028      
BS1.RL2.CL4      .         .        +INF      0.041      
BS1.RL3.CL1      .         .        +INF      0.229      
BS1.RL3.CL2      .         .        +INF      0.082      
BS1.RL3.CL3      .         .        +INF      0.077      
BS1.RL3.CL4      .         .        +INF      6.304      
BS2.RL1.CL1      .         .        +INF      0.047      
BS2.RL1.CL2      .         .        +INF       .         
BS2.RL1.CL3      .         .        +INF       .         
BS2.RL1.CL4      .         .        +INF       .         
BS2.RL2.CL1      .         .        +INF       .         
BS2.RL2.CL2      .         .        +INF       .         
BS2.RL2.CL3      .         .        +INF       .         
BS2.RL2.CL4      .         .        +INF       .         
BS2.RL3.CL1      .         .        +INF       .         
BS2.RL3.CL2      .         .        +INF      5.357      
BS2.RL3.CL3      .         .        +INF       .         
BS2.RL3.CL4      .         .        +INF      5.596      
BS3.RL1.CL1      .         .        +INF       .         
BS3.RL1.CL2      .         .        +INF  4.6577E-5      
BS3.RL1.CL3      .         .        +INF       .         
BS3.RL1.CL4      .         .        +INF  7.2640E-5      
BS3.RL2.CL1      .         .        +INF       .         
BS3.RL2.CL2      .         .        +INF  4.6457E-5      
BS3.RL2.CL3      .         .        +INF       .         
BS3.RL2.CL4      .         .        +INF  7.2455E-5      
BS3.RL3.CL1      .         .        +INF       .         
BS3.RL3.CL2      .         .        +INF  4.2076E-5      
BS3.RL3.CL3      .         .        +INF       .         
BS3.RL3.CL4      .         .        +INF      5.632      
BS4.RL1.CL1      .        0.071     +INF       .         
BS4.RL1.CL2      .        0.024     +INF       .         
BS4.RL1.CL3      .        0.069     +INF       .         
BS4.RL1.CL4      .        0.076     +INF       .         
BS4.RL2.CL1      .        0.071     +INF       .         
BS4.RL2.CL2      .        0.024     +INF       .         
BS4.RL2.CL3      .        0.069     +INF       .         
BS4.RL2.CL4      .        0.076     +INF       .         
BS4.RL3.CL1      .        0.071     +INF       .         
BS4.RL3.CL2      .       -0.022     +INF     11.000 REDEF
BS4.RL3.CL3      .        0.064     +INF       .         
BS4.RL3.CL4      .        0.038     +INF       .         
BS5.RL1.CL1      .    4.560E-14     +INF      3.667      
BS5.RL1.CL2      .        0.097     +INF       .         
BS5.RL1.CL3      .        0.067     +INF       .         
BS5.RL1.CL4      .        0.125     +INF       .         
BS5.RL2.CL1      .    -5.46E-14     +INF      3.667      
BS5.RL2.CL2      .        0.097     +INF       .         
BS5.RL2.CL3      .        0.067     +INF       .         
BS5.RL2.CL4      .        0.125     +INF       .         
BS5.RL3.CL1      .    -2.05E-15     +INF      3.667      
BS5.RL3.CL2      .        0.103     +INF       .         
BS5.RL3.CL3      .        0.046     +INF       .         
BS5.RL3.CL4      .        0.108     +INF       .         

---- EQU C_B_Red_Dep  

       LOWER     LEVEL     UPPER    MARGINAL

RL1      .        0.014     +INF       .         
RL2      .         .        +INF       .         
RL3      .         .        +INF     35.000      

---- EQU C_B_Blue_Dep  

       LOWER     LEVEL     UPPER    MARGINAL

BL1      .    4.634E-14     +INF     18.637      
BL2      .    -4.63E-14     +INF     18.363      
BL3      .        0.015     +INF       .         

                       LOWER     LEVEL     UPPER    MARGINAL

---- EQU L_M_Red_P~    -1.000    -1.000    -1.000    54.118      
---- EQU L_M_Blue_~    -1.000    -1.000    -1.000    51.394      

  L_M_Red_Prob  Red probabilities add to exactly one
  L_M_Blue_Prob  Blue probabilities add to exactly one

---- EQU L_M_Red_Rho  Red probability cannot exceed maximum

       LOWER     LEVEL     UPPER    MARGINAL

RS1    -0.600      .        +INF       .         
RS2    -0.600    -0.400     +INF       .         
RS3    -0.600    -0.600     +INF      1.498      
RS4    -0.600      .        +INF       .         
RS5    -0.600      .        +INF       .         

---- EQU L_M_Blue_Rho  Blue probability cannot exceed maximum

       LOWER     LEVEL     UPPER    MARGINAL

BS1    -0.600      .        +INF       .         
BS2    -0.600      .        +INF       .         
BS3    -0.600      .        +INF       .         
BS4    -0.600    -0.400     +INF       .         
BS5    -0.600    -0.600     +INF      8.234      

                       LOWER     LEVEL     UPPER    MARGINAL

---- EQU L_M_Red_D~   -35.000   -35.000   -35.000     0.127      
---- EQU L_M_Blue_~   -37.000   -37.000   -37.000     0.023      

  L_M_Red_Dep  Red pre-positioning must exactly equal total available
  L_M_Blue_Dep  Blue pre-positioning must exactly equal total available

---- EQU L_M_Red_Log  Red movement plans cannot exceed logistical capacity

       LOWER     LEVEL     UPPER    MARGINAL

RS1  -421.000  -336.164     +INF       .         
RS2  -421.000  -400.182     +INF       .         
RS3  -421.000  -421.000     +INF      0.016      
RS4  -421.000   -33.005     +INF       .         
RS5  -421.000      .        +INF       .         

---- EQU L_M_Blue_Log  Blue movement plans cannot exceed logistical capacity

       LOWER     LEVEL     UPPER    MARGINAL

BS1  -410.000  -262.963     +INF       .         
BS2  -410.000  -270.151     +INF       .         
BS3  -410.000  -213.198     +INF       .         
BS4  -410.000  -410.000     +INF      0.013      
BS5  -410.000  -410.000     +INF      0.014      

---- EQU L_M_Red_Flow  Red amount moved from a location cannot exceed what was 
                       pre-positioned there

           LOWER     LEVEL     UPPER    MARGINAL

RS1.RL1      .         .        +INF       .         
RS1.RL2      .         .        +INF       .         
RS1.RL3      .        8.524     +INF       .         
RS2.RL1      .         .        +INF      0.113      
RS2.RL2      .         .        +INF      0.113      
RS2.RL3      .         .        +INF      0.127      
RS3.RL1      .         .        +INF       .         
RS3.RL2      .         .        +INF      0.014      
RS3.RL3      .        0.252     +INF       .         
RS4.RL1      .         .        +INF       .         
RS4.RL2      .         .        +INF       .         
RS4.RL3      .       31.700     +INF       .         
RS5.RL1      .         .        +INF       .         
RS5.RL2      .         .        +INF       .         
RS5.RL3      .       35.000     +INF       .         

---- EQU L_M_Blue_Flow  Blue amount moved from a location cannot exceed what wa
                        s pre-positioned there

           LOWER     LEVEL     UPPER    MARGINAL

BS1.BL1      .        4.051     +INF       .         
BS1.BL2      .       16.896     +INF       .         
BS1.BL3      .         .        +INF      0.008      
BS2.BL1      .    3.553E-15     +INF  2.317E-14      
BS2.BL2      .       15.378     +INF       .         
BS2.BL3      .         .        +INF       .         
BS3.BL1      .        6.171     +INF       .         
BS3.BL2      .       18.245     +INF       .         
BS3.BL3      .         .        +INF  3.2622E-6      
BS4.BL1      .        7.482     +INF       .         
BS4.BL2      .    3.553E-15     +INF      0.023      
BS4.BL3      .         .        +INF       .         
BS5.BL1      .    3.553E-15     +INF      0.023      
BS5.BL2      .        1.161     +INF       .         
BS5.BL3      .         .        +INF       .         

---- EQU L_M_Red_Esc  Red escorts allocated under r cannot exceed the pool

       LOWER     LEVEL     UPPER    MARGINAL

RS1   -10.000    -6.082     +INF       .         
RS2   -10.000   -10.000     +INF      0.052      
RS3   -10.000   -10.000     +INF      0.088      
RS4   -10.000      .        +INF       .         
RS5   -10.000      .        +INF       .         

---- EQU L_M_Blue_Esc  Blue escorts allocated under b cannot exceed the pool

       LOWER     LEVEL     UPPER    MARGINAL

BS1   -12.000    -8.087     +INF       .         
BS2   -12.000    -6.148     +INF       .         
BS3   -12.000    -6.143     +INF       .         
BS4   -12.000   -12.000     +INF      0.077      
BS5   -12.000   -12.000     +INF      0.054      

---- EQU L_M_Red_Att  Red attackers allocated under r cannot exceed the pool

       LOWER     LEVEL     UPPER    MARGINAL

RS1   -12.000    -6.852     +INF       .         
RS2   -12.000   -12.000     +INF      0.058      
RS3   -12.000   -12.000     +INF      0.098      
RS4   -12.000    -1.441     +INF       .         
RS5   -12.000      .        +INF       .         

---- EQU L_M_Blue_Att  Blue attackers allocated under b cannot exceed the pool

       LOWER     LEVEL     UPPER    MARGINAL

BS1   -11.000    -7.360     +INF       .         
BS2   -11.000   -10.999     +INF       .         
BS3   -11.000    -5.632     +INF       .         
BS4   -11.000   -11.000     +INF      0.098      
BS5   -11.000   -11.000     +INF      0.135      

---- VAR RD  Red movers pre-positioned at location m

       LOWER     LEVEL     UPPER    MARGINAL

RL1      .         .        +INF      0.014      
RL2      .         .        +INF       .         
RL3      .       35.000     +INF       .         

---- VAR pr  

       LOWER     LEVEL     UPPER    MARGINAL

RS1      .         .        +INF      7.106      
RS2      .        0.400     +INF  2.913E-12      
RS3      .        0.600     +INF       .         
RS4      .         .        +INF     18.648      
RS5      .         .        +INF     23.319      

---- VAR flowR  Red mover flow m->k under strategy r

               LOWER     LEVEL     UPPER    MARGINAL

RS1.RL1.CL1      .         .       35.000      .         
RS1.RL1.CL2      .         .       35.000      .         
RS1.RL1.CL3      .         .       35.000      .         
RS1.RL1.CL4      .         .       35.000      .         
RS1.RL2.CL1      .         .       35.000      .         
RS1.RL2.CL2      .         .       35.000      .         
RS1.RL2.CL3      .         .       35.000      .         
RS1.RL2.CL4      .         .       35.000      .         
RS1.RL3.CL1      .        8.925    35.000      .         
RS1.RL3.CL2      .         .       35.000      .         
RS1.RL3.CL3      .         .       35.000      .         
RS1.RL3.CL4      .       17.551    35.000      .         
RS2.RL1.CL1      .         .       35.000 -1.90E-15      
RS2.RL1.CL2      .         .       35.000     0.021      
RS2.RL1.CL3      .         .       35.000     0.070      
RS2.RL1.CL4      .         .       35.000     0.070      
RS2.RL2.CL1      .         .       35.000 -9.44E-16      
RS2.RL2.CL2      .         .       35.000     0.021      
RS2.RL2.CL3      .         .       35.000     0.070      
RS2.RL2.CL4      .         .       35.000     0.070      
RS2.RL3.CL1      .         .       35.000     0.014      
RS2.RL3.CL2      .         .       35.000     0.060      
RS2.RL3.CL3      .       16.727    35.000 -2.91E-13      
RS2.RL3.CL4      .       18.273    35.000 2.731E-13      
RS3.RL1.CL1      .         .       35.000     0.102      
RS3.RL1.CL2      .         .       35.000     0.117      
RS3.RL1.CL3      .         .       35.000     0.094      
RS3.RL1.CL4      .         .       35.000     0.270      
RS3.RL2.CL1      .         .       35.000     0.214      
RS3.RL2.CL2      .         .       35.000     0.131      
RS3.RL2.CL3      .         .       35.000     0.060      
RS3.RL2.CL4      .         .       35.000     0.219      
RS3.RL3.CL1      .         .       35.000     0.216      
RS3.RL3.CL2      .       12.253    35.000 -4.64E-13      
RS3.RL3.CL3      .         .       35.000     0.030      
RS3.RL3.CL4      .       22.496    35.000 8.913E-13      
RS4.RL1.CL1      .         .       35.000      .         
RS4.RL1.CL2      .         .       35.000      .         
RS4.RL1.CL3      .         .       35.000      .         
RS4.RL1.CL4      .         .       35.000      .         
RS4.RL2.CL1      .         .       35.000      .         
RS4.RL2.CL2      .         .       35.000      .         
RS4.RL2.CL3      .         .       35.000      .         
RS4.RL2.CL4      .         .       35.000      .         
RS4.RL3.CL1      .         .       35.000      .         
RS4.RL3.CL2      .         .       35.000      .         
RS4.RL3.CL3      .         .       35.000      .         
RS4.RL3.CL4      .        3.300    35.000      .         
RS5.RL1.CL1      .         .       35.000      .         
RS5.RL1.CL2      .         .       35.000      .         
RS5.RL1.CL3      .         .       35.000      .         
RS5.RL1.CL4      .         .       35.000      .         
RS5.RL2.CL1      .         .       35.000      .         
RS5.RL2.CL2      .         .       35.000      .         
RS5.RL2.CL3      .         .       35.000      .         
RS5.RL2.CL4      .         .       35.000      .         
RS5.RL3.CL1      .         .       35.000      .         
RS5.RL3.CL2      .         .       35.000      .         
RS5.RL3.CL3      .         .       35.000      .         
RS5.RL3.CL4      .         .       35.000      .         

---- VAR BD  Blue movers pre-positioned at location n

       LOWER     LEVEL     UPPER    MARGINAL

BL1      .       18.637     +INF  4.634E-14      
BL2      .       18.363     +INF  -4.63E-14      
BL3      .         .        +INF      0.015      

---- VAR pb  

       LOWER     LEVEL     UPPER    MARGINAL

BS1      .         .        +INF     10.215      
BS2      .         .        +INF      5.564      
BS3      .         .        +INF     12.520      
BS4      .        0.400     +INF  -2.36E-12      
BS5      .        0.600     +INF       .         

---- VAR flowB  Blue mover flow n->k under strategy b

               LOWER     LEVEL     UPPER    MARGINAL

BS1.BL1.CL1      .        0.428    37.000      .         
BS1.BL1.CL2      .        0.400    37.000      .         
BS1.BL1.CL3      .        0.113    37.000      .         
BS1.BL1.CL4      .       13.645    37.000      .         
BS1.BL2.CL1      .        0.674    37.000      .         
BS1.BL2.CL2      .        0.385    37.000      .         
BS1.BL2.CL3      .        0.173    37.000      .         
BS1.BL2.CL4      .        0.234    37.000      .         
BS1.BL3.CL1      .         .       37.000     0.008      
BS1.BL3.CL2      .         .       37.000     0.008      
BS1.BL3.CL3      .         .       37.000     0.008      
BS1.BL3.CL4      .         .       37.000     0.008      
BS2.BL1.CL1      .        2.650    37.000 2.317E-14      
BS2.BL1.CL2      .       15.987    37.000 2.317E-14      
BS2.BL1.CL3      .         .       37.000 2.317E-14      
BS2.BL1.CL4      .         .       37.000 2.317E-14      
BS2.BL2.CL1      .         .       37.000      .         
BS2.BL2.CL2      .        2.985    37.000      .         
BS2.BL2.CL3      .         .       37.000      .         
BS2.BL2.CL4      .         .       37.000      .         
BS2.BL3.CL1      .         .       37.000      .         
BS2.BL3.CL2      .         .       37.000      .         
BS2.BL3.CL3      .         .       37.000      .         
BS2.BL3.CL4      .         .       37.000      .         
BS3.BL1.CL1      .        0.021    37.000      .         
BS3.BL1.CL2      .        0.029    37.000      .         
BS3.BL1.CL3      .        0.032    37.000      .         
BS3.BL1.CL4      .       12.385    37.000      .         
BS3.BL2.CL1      .        0.030    37.000      .         
BS3.BL2.CL2      .        0.026    37.000      .         
BS3.BL2.CL3      .        0.028    37.000      .         
BS3.BL2.CL4      .        0.033    37.000      .         
BS3.BL3.CL1      .         .       37.000 3.2622E-6      
BS3.BL3.CL2      .         .       37.000 3.2622E-6      
BS3.BL3.CL3      .         .       37.000 3.2622E-6      
BS3.BL3.CL4      .         .       37.000 3.2622E-6      
BS4.BL1.CL1      .         .       37.000     0.060      
BS4.BL1.CL2      .         .       37.000     0.107      
BS4.BL1.CL3      .         .       37.000     0.107      
BS4.BL1.CL4      .       11.156    37.000 9.157E-14      
BS4.BL2.CL1      .         .       37.000     0.134      
BS4.BL2.CL2      .       18.363    37.000 -4.41E-14      
BS4.BL2.CL3      .         .       37.000     0.104      
BS4.BL2.CL4      .         .       37.000     0.152      
BS4.BL3.CL1      .         .       37.000     0.188      
BS4.BL3.CL2      .         .       37.000     0.171      
BS4.BL3.CL3      .         .       37.000     0.107      
BS4.BL3.CL4      .         .       37.000     0.078      
BS5.BL1.CL1      .       18.637    37.000 1.290E-14      
BS5.BL1.CL2      .         .       37.000     0.075      
BS5.BL1.CL3      .         .       37.000     0.167      
BS5.BL1.CL4      .         .       37.000     0.192      
BS5.BL2.CL1      .         .       37.000     0.136      
BS5.BL2.CL2      .         .       37.000     0.039      
BS5.BL2.CL3      .       17.202    37.000 -4.42E-14      
BS5.BL2.CL4      .         .       37.000     0.099      
BS5.BL3.CL1      .         .       37.000     0.218      
BS5.BL3.CL2      .         .       37.000     0.120      
BS5.BL3.CL3      .         .       37.000     0.144      
BS5.BL3.CL4      .         .       37.000     0.044      

---- VAR REs  Red defenders escorting the flow m->k under r

               LOWER     LEVEL     UPPER    MARGINAL

RS1.RL1.CL1      .        0.104    10.000      .         
RS1.RL1.CL2      .         .       10.000      .         
RS1.RL1.CL3      .        0.100    10.000      .         
RS1.RL1.CL4      .        0.174    10.000      .         
RS1.RL2.CL1      .        0.085    10.000      .         
RS1.RL2.CL2      .         .       10.000      .         
RS1.RL2.CL3      .        0.100    10.000      .         
RS1.RL2.CL4      .        0.175    10.000      .         
RS1.RL3.CL1      .         .       10.000      .         
RS1.RL3.CL2      .        0.038    10.000      .         
RS1.RL3.CL3      .        0.100    10.000      .         
RS1.RL3.CL4      .        5.207    10.000      .         
RS2.RL1.CL1      .        2.368    10.000 1.560E-13      
RS2.RL1.CL2      .         .       10.000     0.006      
RS2.RL1.CL3      .         .       10.000     0.031      
RS2.RL1.CL4      .         .       10.000     0.031      
RS2.RL2.CL1      .        2.368    10.000 -1.92E-13      
RS2.RL2.CL2      .         .       10.000     0.006      
RS2.RL2.CL3      .         .       10.000     0.031      
RS2.RL2.CL4      .         .       10.000     0.031      
RS2.RL3.CL1      .        2.368    10.000 -3.69E-14      
RS2.RL3.CL2      .         .       10.000     0.016      
RS2.RL3.CL3      .        1.448    10.000 5.601E-14      
RS2.RL3.CL4      .        1.448    10.000 8.007E-15      
RS3.RL1.CL1      .         .       10.000     0.043      
RS3.RL1.CL2      .         .       10.000     0.041      
RS3.RL1.CL3      .        0.248    10.000 1.438E-13      
RS3.RL1.CL4      .         .       10.000     0.061      
RS3.RL2.CL1      .         .       10.000     0.043      
RS3.RL2.CL2      .         .       10.000     0.041      
RS3.RL2.CL3      .        0.248    10.000 -1.04E-13      
RS3.RL2.CL4      .         .       10.000     0.061      
RS3.RL3.CL1      .         .       10.000     0.043      
RS3.RL3.CL2      .        9.255    10.000 7.030E-14      
RS3.RL3.CL3      .        0.248    10.000 -1.04E-13      
RS3.RL3.CL4      .         .       10.000     0.007      
RS4.RL1.CL1      .         .       10.000      .         
RS4.RL1.CL2      .         .       10.000      .         
RS4.RL1.CL3      .         .       10.000      .         
RS4.RL1.CL4      .         .       10.000      .         
RS4.RL2.CL1      .         .       10.000      .         
RS4.RL2.CL2      .         .       10.000      .         
RS4.RL2.CL3      .         .       10.000      .         
RS4.RL2.CL4      .         .       10.000      .         
RS4.RL3.CL1      .         .       10.000      .         
RS4.RL3.CL2      .         .       10.000      .         
RS4.RL3.CL3      .         .       10.000      .         
RS4.RL3.CL4      .         .       10.000      .         
RS5.RL1.CL1      .         .       10.000      .         
RS5.RL1.CL2      .         .       10.000      .         
RS5.RL1.CL3      .         .       10.000      .         
RS5.RL1.CL4      .         .       10.000      .         
RS5.RL2.CL1      .         .       10.000      .         
RS5.RL2.CL2      .         .       10.000      .         
RS5.RL2.CL3      .         .       10.000      .         
RS5.RL2.CL4      .         .       10.000      .         
RS5.RL3.CL1      .         .       10.000      .         
RS5.RL3.CL2      .         .       10.000      .         
RS5.RL3.CL3      .         .       10.000      .         
RS5.RL3.CL4      .         .       10.000      .         

---- VAR RAt  Red attackers against Blue route n->k under r

               LOWER     LEVEL     UPPER    MARGINAL

RS1.BL1.CL1      .        6.118    12.000      .         
RS1.BL1.CL2      .        0.091    12.000      .         
RS1.BL1.CL3      .        0.106    12.000      .         
RS1.BL1.CL4      .        0.094    12.000      .         
RS1.BL2.CL1      .        0.014    12.000      .         
RS1.BL2.CL2      .         .       12.000      .         
RS1.BL2.CL3      .        0.105    12.000      .         
RS1.BL2.CL4      .        0.050    12.000      .         
RS1.BL3.CL1      .        0.014    12.000      .         
RS1.BL3.CL2      .        0.092    12.000      .         
RS1.BL3.CL3      .        0.106    12.000      .         
RS1.BL3.CL4      .        0.063    12.000      .         
RS2.BL1.CL1      .         .       12.000     0.018      
RS2.BL1.CL2      .         .       12.000     0.031      
RS2.BL1.CL3      .         .       12.000     0.021      
RS2.BL1.CL4      .         .       12.000     0.001      
RS2.BL2.CL1      .         .       12.000     0.024      
RS2.BL2.CL2      .         .       12.000     0.027      
RS2.BL2.CL3      .         .       12.000     0.010      
RS2.BL2.CL4      .        6.000    12.000 -2.70E-12      
RS2.BL3.CL1      .         .       12.000     0.024      
RS2.BL3.CL2      .         .       12.000     0.031      
RS2.BL3.CL3      .         .       12.000     0.021      
RS2.BL3.CL4      .        6.000    12.000 2.987E-12      
RS3.BL1.CL1      .         .       12.000     0.071      
RS3.BL1.CL2      .         .       12.000     0.026      
RS3.BL1.CL3      .         .       12.000     0.045      
RS3.BL1.CL4      .       12.000    12.000 -1.37E-14      
RS3.BL2.CL1      .         .       12.000     0.075      
RS3.BL2.CL2      .         .       12.000     0.004      
RS3.BL2.CL3      .         .       12.000     0.036      
RS3.BL2.CL4      .         .       12.000     0.009      
RS3.BL3.CL1      .         .       12.000     0.075      
RS3.BL3.CL2      .         .       12.000     0.026      
RS3.BL3.CL3      .         .       12.000     0.045      
RS3.BL3.CL4      .         .       12.000     0.009      
RS4.BL1.CL1      .         .       12.000      .         
RS4.BL1.CL2      .         .       12.000      .         
RS4.BL1.CL3      .         .       12.000      .         
RS4.BL1.CL4      .         .       12.000      .         
RS4.BL2.CL1      .         .       12.000      .         
RS4.BL2.CL2      .         .       12.000      .         
RS4.BL2.CL3      .        1.441    12.000      .         
RS4.BL2.CL4      .         .       12.000      .         
RS4.BL3.CL1      .         .       12.000      .         
RS4.BL3.CL2      .         .       12.000      .         
RS4.BL3.CL3      .         .       12.000      .         
RS4.BL3.CL4      .         .       12.000      .         
RS5.BL1.CL1      .         .       12.000      .         
RS5.BL1.CL2      .         .       12.000      .         
RS5.BL1.CL3      .         .       12.000      .         
RS5.BL1.CL4      .         .       12.000      .         
RS5.BL2.CL1      .         .       12.000      .         
RS5.BL2.CL2      .         .       12.000      .         
RS5.BL2.CL3      .         .       12.000      .         
RS5.BL2.CL4      .         .       12.000      .         
RS5.BL3.CL1      .         .       12.000      .         
RS5.BL3.CL2      .         .       12.000      .         
RS5.BL3.CL3      .         .       12.000      .         
RS5.BL3.CL4      .         .       12.000      .         

---- VAR BEs  Blue defenders escorting the flow n->k under b

               LOWER     LEVEL     UPPER    MARGINAL

BS1.BL1.CL1      .        0.159    12.000      .         
BS1.BL1.CL2      .        0.122    12.000      .         
BS1.BL1.CL3      .        0.058    12.000      .         
BS1.BL1.CL4      .        6.779    12.000      .         
BS1.BL2.CL1      .        0.265    12.000      .         
BS1.BL2.CL2      .        0.126    12.000      .         
BS1.BL2.CL3      .        0.059    12.000      .         
BS1.BL2.CL4      .        0.079    12.000      .         
BS1.BL3.CL1      .        0.232    12.000      .         
BS1.BL3.CL2      .        0.100    12.000      .         
BS1.BL3.CL3      .        0.048    12.000      .         
BS1.BL3.CL4      .        0.060    12.000      .         
BS2.BL1.CL1      .         .       12.000      .         
BS2.BL1.CL2      .        6.145    12.000      .         
BS2.BL1.CL3      .    3.8088E-4    12.000      .         
BS2.BL1.CL4      .    3.6644E-4    12.000      .         
BS2.BL2.CL1      .         .       12.000      .         
BS2.BL2.CL2      .    3.3856E-4    12.000      .         
BS2.BL2.CL3      .    3.8089E-4    12.000      .         
BS2.BL2.CL4      .    1.9775E-4    12.000      .         
BS2.BL3.CL1      .         .       12.000      .         
BS2.BL3.CL2      .    4.1261E-4    12.000      .         
BS2.BL3.CL3      .    3.8088E-4    12.000      .         
BS2.BL3.CL4      .    2.0136E-4    12.000      .         
BS3.BL1.CL1      .         .       12.000      .         
BS3.BL1.CL2      .         .       12.000      .         
BS3.BL1.CL3      .         .       12.000      .         
BS3.BL1.CL4      .        6.143    12.000      .         
BS3.BL2.CL1      .         .       12.000      .         
BS3.BL2.CL2      .         .       12.000      .         
BS3.BL2.CL3      .         .       12.000      .         
BS3.BL2.CL4      .         .       12.000      .         
BS3.BL3.CL1      .         .       12.000      .         
BS3.BL3.CL2      .         .       12.000      .         
BS3.BL3.CL3      .         .       12.000      .         
BS3.BL3.CL4      .         .       12.000      .         
BS4.BL1.CL1      .         .       12.000     0.043      
BS4.BL1.CL2      .         .       12.000     0.047      
BS4.BL1.CL3      .         .       12.000     0.034      
BS4.BL1.CL4      .       10.986    12.000 -1.68E-13      
BS4.BL2.CL1      .         .       12.000     0.043      
BS4.BL2.CL2      .        1.014    12.000 3.704E-14      
BS4.BL2.CL3      .         .       12.000     0.034      
BS4.BL2.CL4      .         .       12.000     0.041      
BS4.BL3.CL1      .         .       12.000     0.043      
BS4.BL3.CL2      .         .       12.000     0.047      
BS4.BL3.CL3      .         .       12.000     0.034      
BS4.BL3.CL4      .         .       12.000     0.041      
BS5.BL1.CL1      .        2.671    12.000 -7.37E-13      
BS5.BL1.CL2      .        1.064    12.000 -7.62E-13      
BS5.BL1.CL3      .         .       12.000     0.024      
BS5.BL1.CL4      .         .       12.000     0.019      
BS5.BL2.CL1      .         .       12.000     0.027      
BS5.BL2.CL2      .        1.064    12.000 -7.62E-13      
BS5.BL2.CL3      .        3.296    12.000 -6.50E-13      
BS5.BL2.CL4      .        1.420    12.000 -6.17E-13      
BS5.BL3.CL1      .         .       12.000     0.027      
BS5.BL3.CL2      .        1.064    12.000 -7.66E-13      
BS5.BL3.CL3      .         .       12.000     0.024      
BS5.BL3.CL4      .        1.420    12.000 4.739E-12      

---- VAR BAt  Blue attackers against Red route m->k under b

               LOWER     LEVEL     UPPER    MARGINAL

BS1.RL1.CL1      .        0.150    11.000      .         
BS1.RL1.CL2      .        0.083    11.000      .         
BS1.RL1.CL3      .        0.093    11.000      .         
BS1.RL1.CL4      .        0.038    11.000      .         
BS1.RL2.CL1      .        0.151    11.000      .         
BS1.RL2.CL2      .        0.083    11.000      .         
BS1.RL2.CL3      .        0.028    11.000      .         
BS1.RL2.CL4      .        0.041    11.000      .         
BS1.RL3.CL1      .        0.229    11.000      .         
BS1.RL3.CL2      .        0.082    11.000      .         
BS1.RL3.CL3      .        0.077    11.000      .         
BS1.RL3.CL4      .        6.304    11.000      .         
BS2.RL1.CL1      .        0.047    11.000      .         
BS2.RL1.CL2      .         .       11.000      .         
BS2.RL1.CL3      .         .       11.000      .         
BS2.RL1.CL4      .         .       11.000      .         
BS2.RL2.CL1      .         .       11.000      .         
BS2.RL2.CL2      .         .       11.000      .         
BS2.RL2.CL3      .         .       11.000      .         
BS2.RL2.CL4      .         .       11.000      .         
BS2.RL3.CL1      .         .       11.000      .         
BS2.RL3.CL2      .        5.357    11.000      .         
BS2.RL3.CL3      .         .       11.000      .         
BS2.RL3.CL4      .        5.596    11.000      .         
BS3.RL1.CL1      .         .       11.000      .         
BS3.RL1.CL2      .    4.6577E-5    11.000      .         
BS3.RL1.CL3      .         .       11.000      .         
BS3.RL1.CL4      .    7.2640E-5    11.000      .         
BS3.RL2.CL1      .         .       11.000      .         
BS3.RL2.CL2      .    4.6457E-5    11.000      .         
BS3.RL2.CL3      .         .       11.000      .         
BS3.RL2.CL4      .    7.2455E-5    11.000      .         
BS3.RL3.CL1      .         .       11.000      .         
BS3.RL3.CL2      .    4.2076E-5    11.000      .         
BS3.RL3.CL3      .         .       11.000      .         
BS3.RL3.CL4      .        5.632    11.000      .         
BS4.RL1.CL1      .         .       11.000     0.071      
BS4.RL1.CL2      .         .       11.000     0.024      
BS4.RL1.CL3      .         .       11.000     0.069      
BS4.RL1.CL4      .         .       11.000     0.076      
BS4.RL2.CL1      .         .       11.000     0.071      
BS4.RL2.CL2      .         .       11.000     0.024      
BS4.RL2.CL3      .         .       11.000     0.069      
BS4.RL2.CL4      .         .       11.000     0.076      
BS4.RL3.CL1      .         .       11.000     0.071      
BS4.RL3.CL2      .       11.000    11.000    -0.022      
BS4.RL3.CL3      .         .       11.000     0.064      
BS4.RL3.CL4      .         .       11.000     0.038      
BS5.RL1.CL1      .        3.667    11.000 4.560E-14      
BS5.RL1.CL2      .         .       11.000     0.097      
BS5.RL1.CL3      .         .       11.000     0.067      
BS5.RL1.CL4      .         .       11.000     0.125      
BS5.RL2.CL1      .        3.667    11.000 -5.46E-14      
BS5.RL2.CL2      .         .       11.000     0.097      
BS5.RL2.CL3      .         .       11.000     0.067      
BS5.RL2.CL4      .         .       11.000     0.125      
BS5.RL3.CL1      .        3.667    11.000 -2.05E-15      
BS5.RL3.CL2      .         .       11.000     0.103      
BS5.RL3.CL3      .         .       11.000     0.046      
BS5.RL3.CL4      .         .       11.000     0.108      

                       LOWER     LEVEL     UPPER    MARGINAL

---- VAR alphaR         -INF     54.118     +INF  -5.15E-14      
---- VAR alphaB         -INF     51.394     +INF  1.554E-15      
---- VAR lambdaR        -INF      0.127     +INF  7.105E-15      
---- VAR lambdaB        -INF      0.023     +INF       .         

---- VAR etaR  

       LOWER     LEVEL     UPPER    MARGINAL

RS1      .         .        +INF     84.836      
RS2      .         .        +INF     20.818      
RS3      .        0.016     +INF       .         
RS4      .         .        +INF    387.995      
RS5      .         .        +INF    421.000      

---- VAR etaB  

       LOWER     LEVEL     UPPER    MARGINAL

BS1      .         .        +INF    147.037      
BS2      .         .        +INF    139.849      
BS3      .         .        +INF    196.802      
BS4      .        0.013     +INF       .         
BS5      .        0.014     +INF  1.137E-13      

---- VAR betaR  

       LOWER     LEVEL     UPPER    MARGINAL

RS1      .         .        +INF      0.600      
RS2      .         .        +INF      0.200      
RS3      .        1.498     +INF       .         
RS4      .         .        +INF      0.600      
RS5      .         .        +INF      0.600      

---- VAR betaB  

       LOWER     LEVEL     UPPER    MARGINAL

BS1      .         .        +INF      0.600      
BS2      .         .        +INF      0.600      
BS3      .         .        +INF      0.600      
BS4      .         .        +INF      0.200      
BS5      .        8.234     +INF       .         

---- VAR gammaR  

           LOWER     LEVEL     UPPER    MARGINAL

RS1.RL1      .         .        +INF       .         
RS1.RL2      .         .        +INF       .         
RS1.RL3      .         .        +INF      8.524      
RS2.RL1      .        0.113     +INF       .         
RS2.RL2      .        0.113     +INF       .         
RS2.RL3      .        0.127     +INF       .         
RS3.RL1      .         .        +INF       .         
RS3.RL2      .        0.014     +INF       .         
RS3.RL3      .         .        +INF      0.252      
RS4.RL1      .         .        +INF       .         
RS4.RL2      .         .        +INF       .         
RS4.RL3      .         .        +INF     31.700      
RS5.RL1      .         .        +INF       .         
RS5.RL2      .         .        +INF       .         
RS5.RL3      .         .        +INF     35.000      

---- VAR gammaB  

           LOWER     LEVEL     UPPER    MARGINAL

BS1.BL1      .         .        +INF      4.051      
BS1.BL2      .         .        +INF     16.896      
BS1.BL3      .        0.008     +INF       .         
BS2.BL1      .    2.317E-14     +INF  3.553E-15      
BS2.BL2      .         .        +INF     15.378      
BS2.BL3      .         .        +INF       .         
BS3.BL1      .         .        +INF      6.171      
BS3.BL2      .         .        +INF     18.245      
BS3.BL3      .    3.2622E-6     +INF       .         
BS4.BL1      .         .        +INF      7.482      
BS4.BL2      .        0.023     +INF  3.553E-15      
BS4.BL3      .         .        +INF       .         
BS5.BL1      .        0.023     +INF  3.553E-15      
BS5.BL2      .         .        +INF      1.161      
BS5.BL3      .         .        +INF       .         

---- VAR muER  shadow price of the Red escort pool under r

       LOWER     LEVEL     UPPER    MARGINAL

RS1      .         .        +INF      3.918      
RS2      .        0.052     +INF       .         
RS3      .        0.088     +INF  1.776E-15      
RS4      .         .        +INF     10.000      
RS5      .         .        +INF     10.000      

---- VAR muAR  shadow price of the Red attacker pool under r

       LOWER     LEVEL     UPPER    MARGINAL

RS1      .         .        +INF      5.148      
RS2      .        0.058     +INF  1.776E-14      
RS3      .        0.098     +INF       .         
RS4      .         .        +INF     10.559      
RS5      .         .        +INF     12.000      

---- VAR muEB  shadow price of the Blue escort pool under b

       LOWER     LEVEL     UPPER    MARGINAL

BS1      .         .        +INF      3.913      
BS2      .         .        +INF      5.852      
BS3      .         .        +INF      5.857      
BS4      .        0.077     +INF  -1.78E-15      
BS5      .        0.054     +INF  7.105E-15      

---- VAR muAB  shadow price of the Blue attacker pool under b

       LOWER     LEVEL     UPPER    MARGINAL

BS1      .         .        +INF      3.640      
BS2      .         .        +INF      0.001      
BS3      .         .        +INF      5.368      
BS4      .        0.098     +INF       .         
BS5      .        0.135     +INF       .         


**** REPORT SUMMARY :        0     NONOPT
                             0 INFEASIBLE
                             0  UNBOUNDED
                             1  REDEFINED (REDEF)
                             0     ERRORS
GAMS 53.5.1  f2e5fac3 May 20, 2026          LEX-LEG x86 64bit/Linux - 07/08/26 20:54:34 Page 7
G e n e r a l   A l g e b r a i c   M o d e l i n g   S y s t e m
E x e c u t i o n


----    486 VARIABLE pr.L  

RS2 0.400,    RS3 0.600


----    486 VARIABLE pb.L  

BS4 0.400,    BS5 0.600


----    486 VARIABLE RD.L  Red movers pre-positioned at location m

RL3 35.000


----    486 VARIABLE BD.L  Blue movers pre-positioned at location n

BL1 18.637,    BL2 18.363


----    486 PARAMETER TotalRD              =       35.000  
            PARAMETER TotalBD              =       37.000  

----    486 PARAMETER LogUsedR  

RS1 336.164,    RS2 400.182,    RS3 421.000,    RS4  33.005


----    486 PARAMETER LogUsedB  

BS1 262.963,    BS2 270.151,    BS3 213.198,    BS4 410.000,    BS5 410.000


----    486 PARAMETER EscUsedR  

RS1  6.082,    RS2 10.000,    RS3 10.000


----    486 PARAMETER AttUsedR  

RS1  6.852,    RS2 12.000,    RS3 12.000,    RS4  1.441


----    486 PARAMETER EscUsedB  

BS1  8.087,    BS2  6.148,    BS3  6.143,    BS4 12.000,    BS5 12.000


----    486 PARAMETER AttUsedB  

BS1  7.360,    BS2 10.999,    BS3  5.632,    BS4 11.000,    BS5 11.000


----    486 PARAMETER SentR  movers dispatched under r

RS1 26.476,    RS2 35.000,    RS3 34.748,    RS4  3.300


----    486 PARAMETER SentB  

BS1 16.053,    BS2 21.622,    BS3 12.584,    BS4 29.518,    BS5 35.839


----    486 PARAMETER ArriveR  Red movers arriving, given (r,b)

            BS1         BS2         BS3         BS4         BS5

RS1      37.367      37.101      37.958      38.553      36.970
RS2      44.406      44.226      45.074      46.873      46.501
RS3      43.772      43.646      44.479      45.057      46.319
RS4      18.984      18.457      19.323      19.497      19.035
RS5      18.297      17.688      18.558      18.074      17.612


----    486 PARAMETER ArriveB  

            BS1         BS2         BS3         BS4         BS5

RS1      30.848      33.837      28.633      42.437      46.789
RS2      30.073      33.582      27.817      41.613      48.085
RS3      26.940      34.048      24.466      40.726      48.618
RS4      31.772      35.240      29.480      43.271      49.568
RS5      32.024      35.485      29.726      43.516      50.054


----    486 PARAMETER GhostR  phantom Red arrivals = smoothed - exact

            BS1         BS2         BS3         BS4         BS5

RS1      12.218      11.014      11.908      12.077      14.160
RS2      14.263      13.374      14.258      11.873      11.501
RS3      15.327      14.493      15.363      12.054      11.571
RS4      18.984      18.457      19.323      16.197      15.735
RS5      18.297      17.688      18.558      18.074      17.612


----    486 PARAMETER GhostB  

            BS1         BS2         BS3         BS4         BS5

RS1      15.316      14.865      16.206      12.919      14.397
RS2      14.254      11.960      15.266      12.094      12.246
RS3      16.108      12.426      17.739      12.222      12.778
RS4      15.892      13.618      16.924      13.752      13.728
RS5      15.971      13.863      17.142      13.997      14.215


----    486 PARAMETER PayoffR_R  

RS1 47.012,    RS2 54.118,    RS3 55.616,    RS4 35.469,    RS5 30.799


----    486 PARAMETER PayoffB_B  

BS1 41.179,    BS2 45.830,    BS3 38.875,    BS4 51.394,    BS5 59.628


----    486 PARAMETER PayoffR              =       55.017  
            PARAMETER PayoffB              =       56.334  


EXECUTION TIME       =        8.802 SECONDS      5 MB  53.5.1 f2e5fac3 LEX-LEG


USER: NEOS Server License - Production               G250831+0003Ac-GEN
      University of Wisconsin-Madison                           DCE4604
      License for teaching and research at degree granting institutions


**** FILE SUMMARY

Restart    /var/lib/condor/execute/dir_1207033/gamsexec/restart.g00
Input      /var/lib/condor/execute/dir_1207033/gamsexec/MODEL.gms
Output     /var/lib/condor/execute/dir_1207033/gamsexec/solve.lst
