GAMS 53.5.1  f2e5fac3 May 20, 2026          LEX-LEG x86 64bit/Linux - 07/08/26 20:47:33 Page 3
G e n e r a l   A l g e b r a i c   M o d e l i n g   S y s t e m
C o m p i l a t i o n




COMPILATION TIME     =        0.000 SECONDS      3 MB  53.5.1 f2e5fac3 LEX-LEG
GAMS 53.5.1  f2e5fac3 May 20, 2026          LEX-LEG x86 64bit/Linux - 07/08/26 20:47:33 Page 4
G e n e r a l   A l g e b r a i c   M o d e l i n g   S y s t e m
Range Statistics    SOLVE pewem Using MCP From line 208


RANGE STATISTICS (ABSOLUTE NON-ZERO FINITE VALUES)

RHS       [min, max] : [ 1.000E+00, 6.000E+02] - Zero values observed as well
Bound     [min, max] : [        NA,        NA] - Zero values observed as well
Matrix    [min, max] : [ 1.000E+00, 1.948E+00]

GAMS 53.5.1  f2e5fac3 May 20, 2026          LEX-LEG x86 64bit/Linux - 07/08/26 20:47:33 Page 5
G e n e r a l   A l g e b r a i c   M o d e l i n g   S y s t e m
Model Statistics    SOLVE pewem Using MCP From line 208


MODEL STATISTICS

BLOCKS OF EQUATIONS          12     SINGLE EQUATIONS           43
BLOCKS OF VARIABLES          12     SINGLE VARIABLES           43
NON ZERO ELEMENTS           106     NON LINEAR N-Z              2
CODE LENGTH                  18     CONSTANT POOL              20


GENERATION TIME      =        0.002 SECONDS      4 MB  53.5.1 f2e5fac3 LEX-LEG
GAMS 53.5.1  f2e5fac3 May 20, 2026          LEX-LEG x86 64bit/Linux - 07/08/26 20:47:33 Page 6
G e n e r a l   A l g e b r a i c   M o d e l i n g   S y s t e m
Solution Report     SOLVE pewem Using MCP From line 208


               S O L V E      S U M M A R Y

     MODEL   pewem               
     TYPE    MCP                 
     SOLVER  MILES               FROM LINE  208

**** SOLVER STATUS     1 Normal Completion
**** MODEL STATUS      1 Optimal

 RESOURCE USAGE, LIMIT          0.014 10000000000.000
 ITERATION COUNT, LIMIT        49    2147483647
 EVALUATION ERRORS              0             0

MILES            53.5.1 f2e5fac3 May 20, 2026          LEG x86 64bit/Linux


 Major iterations ........     1
 Lemke pivots ............    49
 Refactorizations ........     1
 Deviation ............... 1.208E-13
 Solved.

---- EQU ProdSProfit  producer profit on route

             LOWER     LEVEL     UPPER    MARGINAL

usap.eum    -29.000   -29.000     +INF     50.000      
usap.rowm   -29.000   -29.000     +INF  1.639E-15      
rowp.eum    -30.000   -30.000     +INF     25.000      
rowp.rowm   -30.000   -30.000     +INF    450.000      

---- EQU ProdSRent  producer rent

        LOWER     LEVEL     UPPER    MARGINAL

usap   -50.000   -50.000     +INF      1.000      
rowp  -475.000  -475.000     +INF       .         

---- EQU ShipProfit  shipper profit on route

             LOWER     LEVEL     UPPER    MARGINAL

usap.eum     -2.000    -2.000     +INF     50.000      
usap.rowm    -2.000    -2.000     +INF       .         
rowp.eum     -2.000    -2.000     +INF     25.000      
rowp.rowm    -2.000    -2.000     +INF    450.000      

                       LOWER     LEVEL     UPPER    MARGINAL

---- EQU ShipRent    -600.000  -525.000     +INF       .         

  ShipRent  shipper rent

---- EQU TermProfit  terminal profit

        LOWER     LEVEL     UPPER    MARGINAL

eum     -1.000    -1.000     +INF     75.000      
rowm    -1.000    -1.000     +INF    450.000      

---- EQU TermRent  terminal rent

        LOWER     LEVEL     UPPER    MARGINAL

eum   -250.000   -75.000     +INF       .         
rowm  -450.000  -450.000     +INF  9.443E-14      

---- EQU ProdPProfit  producer profit on pipline

             LOWER     LEVEL     UPPER    MARGINAL

nrwy.eum    -32.000   -32.000     +INF     80.000      
nrwy.rowm   -32.000   -32.000     +INF  1.927E-16      
nthr.eum    -32.000   -32.000     +INF     35.000      
nthr.rowm   -32.000   -32.000     +INF  1.927E-16      
eup .eum    -31.000   -31.000     +INF     40.000      
eup .rowm   -31.000   -31.000     +INF  6.422E-17      
rf  .eum    -28.000   -28.000     +INF    150.000      
rf  .rowm   -28.000   -28.000     +INF     50.000      

---- EQU ProdPRent  producer rent

        LOWER     LEVEL     UPPER    MARGINAL

nrwy   -80.000   -80.000     +INF      1.000      
nthr   -35.000   -35.000     +INF      1.000      
eup    -40.000   -40.000     +INF      2.000      
rf    -220.000  -200.000     +INF       .         

---- EQU PipeRent  pipeline rent

             LOWER     LEVEL     UPPER    MARGINAL

nrwy.eum   -100.000   -80.000     +INF       .         
nrwy.rowm      .    -1.93E-16     +INF  1.331E-13      
nthr.eum    -40.000   -35.000     +INF       .         
nthr.rowm      .    -1.93E-16     +INF  1.214E-13      
eup .eum    -80.000   -40.000     +INF       .         
eup .rowm      .    -6.42E-17     +INF  1.124E-13      
rf  .eum   -150.000  -150.000     +INF      5.000      
rf  .rowm   -50.000   -50.000     +INF      5.000      

---- EQU XSupplyNG  excess NG in a market

        LOWER     LEVEL     UPPER    MARGINAL

eum       .    -5.68E-14     +INF     33.000      
rowm      .    1.208E-13     +INF     33.000      

---- EQU XSupplyTerm  excess terminal services

        LOWER     LEVEL     UPPER    MARGINAL

eum       .    1.421E-14     +INF      1.000      
rowm      .         .        +INF      1.000      

---- EQU XSupplyShip  excess ships along a route

             LOWER     LEVEL     UPPER    MARGINAL

usap.eum       .    -7.11E-15     +INF      2.000      
usap.rowm      .    -1.64E-15     +INF      2.000      
rowp.eum       .    -3.55E-15     +INF      2.000      
rowp.rowm      .    -1.14E-13     +INF      2.000      

---- VAR p  price in market

        LOWER     LEVEL     UPPER    MARGINAL

eum       .       33.000     +INF  -5.68E-14      
rowm      .       33.000     +INF  1.208E-13      

---- VAR srate  shipping rate from producer to market

             LOWER     LEVEL     UPPER    MARGINAL

usap.eum       .        2.000     +INF  -7.11E-15      
usap.rowm      .        2.000     +INF  -1.64E-15      
rowp.eum       .        2.000     +INF  -3.55E-15      
rowp.rowm      .        2.000     +INF  -1.14E-13      

---- VAR tau  terminal fees for market

        LOWER     LEVEL     UPPER    MARGINAL

eum       .        1.000     +INF  1.421E-14      
rowm      .        1.000     +INF       .         

---- VAR qps  production from producer via ship to market

             LOWER     LEVEL     UPPER    MARGINAL

usap.eum       .       50.000     +INF  5.329E-14      
usap.rowm      .    1.639E-15     +INF  -1.42E-14      
rowp.eum       .       25.000     +INF  5.684E-14      
rowp.rowm      .      450.000     +INF  3.908E-14      

---- VAR ship  shipping offered to producer for market

             LOWER     LEVEL     UPPER    MARGINAL

usap.eum       .       50.000     +INF       .         
usap.rowm      .         .        +INF  5.129E-14      
rowp.eum       .       25.000     +INF  4.441E-16      
rowp.rowm      .      450.000     +INF       .         

---- VAR vol  volume processed at terminal for market

        LOWER     LEVEL     UPPER    MARGINAL

eum       .       75.000     +INF       .         
rowm      .      450.000     +INF  -2.22E-16      

---- VAR qpp  production from producer via pipe to market

             LOWER     LEVEL     UPPER    MARGINAL

nrwy.eum       .       80.000     +INF  3.553E-15      
nrwy.rowm      .    1.927E-16     +INF  2.487E-14      
nthr.eum       .       35.000     +INF  3.553E-15      
nthr.rowm      .    1.927E-16     +INF  1.421E-14      
eup .eum       .       40.000     +INF       .         
eup .rowm      .    6.422E-17     +INF       .         
rf  .eum       .      150.000     +INF  1.776E-14      
rf  .rowm      .       50.000     +INF  4.263E-14      

---- VAR rps  rent at producer who ships

        LOWER     LEVEL     UPPER    MARGINAL

usap      .        1.000     +INF  -7.11E-15      
rowp      .         .        +INF  -5.68E-14      

                       LOWER     LEVEL     UPPER    MARGINAL

---- VAR rs              .         .        +INF     75.000      

  rs  rent in shipping

---- VAR rt  rent at terminal

        LOWER     LEVEL     UPPER    MARGINAL

eum       .         .        +INF    175.000      
rowm      .    9.443E-14     +INF       .         

---- VAR rpp  rent at producer who pipes

        LOWER     LEVEL     UPPER    MARGINAL

nrwy      .        1.000     +INF  4.263E-14      
nthr      .        1.000     +INF       .         
eup       .        2.000     +INF       .         
rf        .         .        +INF     20.000      

---- VAR rpl  pipeline rent

             LOWER     LEVEL     UPPER    MARGINAL

nrwy.eum       .         .        +INF     20.000      
nrwy.rowm      .    1.331E-13     +INF  -1.93E-16      
nthr.eum       .         .        +INF      5.000      
nthr.rowm      .    1.214E-13     +INF  -1.93E-16      
eup .eum       .         .        +INF     40.000      
eup .rowm      .    1.124E-13     +INF  -6.42E-17      
rf  .eum       .        5.000     +INF       .         
rf  .rowm      .        5.000     +INF  -7.11E-15      


**** REPORT SUMMARY :        0     NONOPT
                             0 INFEASIBLE
                             0  UNBOUNDED
                             0  REDEFINED
                             0     ERRORS
GAMS 53.5.1  f2e5fac3 May 20, 2026          LEX-LEG x86 64bit/Linux - 07/08/26 20:47:33 Page 7
G e n e r a l   A l g e b r a i c   M o d e l i n g   S y s t e m
E x e c u t i o n


----    222 VARIABLE p.L  price in market

eum  33.000,    rowm 33.000


----    222 VARIABLE qps.L  production from producer via ship to market

             eum        rowm

usap      50.000 1.63860E-15
rowp      25.000     450.000


----    222 VARIABLE rps.L  rent at producer who ships

usap 1.000


----    222 VARIABLE qpp.L  production from producer via pipe to market

             eum        rowm

nrwy      80.000 1.92675E-16
nthr      35.000 1.92675E-16
eup       40.000 6.42249E-17
rf       150.000      50.000


----    222 VARIABLE rpl.L  pipeline rent

             eum        rowm

nrwy             1.33087E-13
nthr             1.21404E-13
eup              1.12375E-13
rf         5.000       5.000


----    222 VARIABLE ship.L  shipping offered to producer for market

             eum        rowm

usap      50.000
rowp      25.000     450.000


----    222 VARIABLE srate.L  shipping rate from producer to market

             eum        rowm

usap       2.000       2.000
rowp       2.000       2.000


----    222 VARIABLE rs.L                  =        0.000  rent in shipping

----    222 VARIABLE tau.L  terminal fees for market

eum  1.000,    rowm 1.000


----    222 VARIABLE rt.L  rent at terminal

rowm 9.44342E-14


----    222 PARAMETER psNetProfit  total profit of shipping producers

usap 50.000


----    222 PARAMETER ppNetProfit  total profit of pipeline producers

nrwy   80.000,    nthr   35.000,    eup    80.000,    rf   1000.000



EXECUTION TIME       =        0.027 SECONDS      4 MB  53.5.1 f2e5fac3 LEX-LEG


USER: NEOS Server License - Production               G250831+0003Ac-GEN
      University of Wisconsin-Madison                           DCE4604
      License for teaching and research at degree granting institutions


**** FILE SUMMARY

Restart    /var/lib/condor/execute/dir_2504584/gamsexec/restart.g00
Input      /var/lib/condor/execute/dir_2504584/gamsexec/MODEL.gms
Output     /var/lib/condor/execute/dir_2504584/gamsexec/solve.lst
